// Jest Snapshot v1, https://goo.gl/fbAQLP

exports[`MoviesList snapshot MoviesList renderer 1`] = `
<article
  className="small-movie-card catalog__movies-card"
  onClick={[Function]}
  onMouseEnter={[Function]}
  onMouseLeave={[Function]}
>
  <div
    className="small-movie-card__image"
  >
    <video
      muted={true}
      poster="https://resizing.flixster.com/hfmSxiWV1FlY5vtodiys3hYXPic=/fit-in/200x296.2962962962963/v1.bTsxMTE2ODAzMjtqOzE4NTM0OzEyMDA7ODAwOzEyMDA"
      src="https://download.blender.org/durian/trailer/sintel_trailer-480p.mp4"
      style={
        Object {
          "height": "175px",
          "objectFit": "cover",
          "width": "280px",
        }
      }
      timeout={1000}
    />
  </div>
  <h3
    className="small-movie-card__title"
  >
    <a
      className="small-movie-card__link"
      href="movie-page.html"
    >
      Сияние
    </a>
  </h3>
</article>
`;
